// Jest Snapshot v1, https://goo.gl/fbAQLP

exports[`Pruebas en <CounterApp /> Renderizar componente 1`] = `
<Fragment>
  <h1>
    Contador
  </h1>
  <h2>
    10
  </h2>
  <button
    id="add"
    onClick={[Function]}
  >
    +1
  </button>
  <button
    id="reset"
    onClick={[Function]}
  >
    Reset
  </button>
  <button
    id="subs"
    onClick={[Function]}
  >
    -1
  </button>
  <input />
</Fragment>
`;
